
> web@0.1.0 build C:\Users\sxtnl\Dev\Genesis\smartout.ai\apps\web
> next build

⚠ Warning: Next.js inferred your workspace root, but it may not be correct.
 We detected multiple lockfiles and selected the directory of C:\Users\sxtnl\Dev\Genesis\pnpm-lock.yaml as the root directory.
 To silence this warning, set `turbopack.root` in your Next.js config, or consider removing one of the lockfiles if it's not needed.
   See https://nextjs.org/docs/app/api-reference/config/next-config-js/turbopack#root-directory for more information.
 Detected additional lockfiles: 
   * C:\Users\sxtnl\Dev\Genesis\smartout.ai\apps\web\pnpm-lock.yaml
   * C:\Users\sxtnl\Dev\Genesis\smartout.ai\pnpm-lock.yaml

▲ Next.js 16.1.6 (Turbopack)
- Environments: .env.local

⚠ The "middleware" file convention is deprecated. Please use "proxy" instead. Learn more: https://nextjs.org/docs/messages/middleware-to-proxy
  Creating an optimized production build ...
✓ Compiled successfully in 11.5s
  Running TypeScript ...
Failed to compile.

./src/components/providers/posthog-provider.tsx:15:30
Type error: Object literal may only specify known properties, and 'enabled' does not exist in type 'SessionRecordingOptions'.

  13 |         person_profiles: "identified_only", // Or "always" to create profiles for anonymous users as well
  14 |         capture_pageview: false, // Turn off automatic pageview capture because Next.js SPAs need manual tracking
> 15 |         session_recording: { enabled: true },
     |                              ^
  16 |         autocapture: true, // Captures clicks, form submissions, etc.
  17 |     });
  18 | }
Next.js build worker exited with code: 1 and signal: null
 ELIFECYCLE  Command failed with exit code 1.
