
> web@0.1.0 build C:\Users\sxtnl\Dev\Genesis\smartout.ai\apps\web
> next build

⚠ Warning: Next.js inferred your workspace root, but it may not be correct.
 We detected multiple lockfiles and selected the directory of C:\Users\sxtnl\Dev\Genesis\pnpm-lock.yaml as the root directory.
 To silence this warning, set `turbopack.root` in your Next.js config, or consider removing one of the lockfiles if it's not needed.
   See https://nextjs.org/docs/app/api-reference/config/next-config-js/turbopack#root-directory for more information.
 Detected additional lockfiles: 
   * C:\Users\sxtnl\Dev\Genesis\smartout.ai\apps\web\pnpm-lock.yaml
   * C:\Users\sxtnl\Dev\Genesis\smartout.ai\pnpm-lock.yaml

▲ Next.js 16.1.6 (Turbopack)
- Environments: .env.local

⚠ The "middleware" file convention is deprecated. Please use "proxy" instead. Learn more: https://nextjs.org/docs/messages/middleware-to-proxy
  Creating an optimized production build ...
✓ Compiled successfully in 7.9s
  Running TypeScript ...
  Collecting page data using 15 workers ...
  Generating static pages using 15 workers (0/28) ...
  Generating static pages using 15 workers (7/28) 
  Generating static pages using 15 workers (14/28) 
  Generating static pages using 15 workers (21/28) 
⨯ useSearchParams() should be wrapped in a suspense boundary at page "/onboarding". Read more: https://nextjs.org/docs/messages/missing-suspense-with-csr-bailout
    at Q (C:\Users\sxtnl\Dev\Genesis\smartout.ai\apps\web\.next\server\chunks\ssr\47726_next_b8c4691f._.js:2:2111)
    at o (C:\Users\sxtnl\Dev\Genesis\smartout.ai\apps\web\.next\server\chunks\ssr\47726_next_b8c4691f._.js:4:5286)
    at cD (C:\Users\sxtnl\Dev\Genesis\smartout.ai\apps\web\.next\server\chunks\ssr\smartout_ai_64ba01d2._.js:41:5192)
    at an (C:\Users\sxtnl\Dev\Genesis\smartout.ai\node_modules\.pnpm\next@16.1.6_@babel+core@7.29.0_@opentelemetry+api@1.9.0_@playwright+test@1.58.2_react-dom@19._vnwhhfyn6zwcbv2xu2q7iszjyy\node_modules\next\dist\compiled\next-server\app-page-turbo.runtime.prod.js:2:84360)
    at ai (C:\Users\sxtnl\Dev\Genesis\smartout.ai\node_modules\.pnpm\next@16.1.6_@babel+core@7.29.0_@opentelemetry+api@1.9.0_@playwright+test@1.58.2_react-dom@19._vnwhhfyn6zwcbv2xu2q7iszjyy\node_modules\next\dist\compiled\next-server\app-page-turbo.runtime.prod.js:2:86179)
    at al (C:\Users\sxtnl\Dev\Genesis\smartout.ai\node_modules\.pnpm\next@16.1.6_@babel+core@7.29.0_@opentelemetry+api@1.9.0_@playwright+test@1.58.2_react-dom@19._vnwhhfyn6zwcbv2xu2q7iszjyy\node_modules\next\dist\compiled\next-server\app-page-turbo.runtime.prod.js:2:107953)
    at as (C:\Users\sxtnl\Dev\Genesis\smartout.ai\node_modules\.pnpm\next@16.1.6_@babel+core@7.29.0_@opentelemetry+api@1.9.0_@playwright+test@1.58.2_react-dom@19._vnwhhfyn6zwcbv2xu2q7iszjyy\node_modules\next\dist\compiled\next-server\app-page-turbo.runtime.prod.js:2:105368)
    at aa (C:\Users\sxtnl\Dev\Genesis\smartout.ai\node_modules\.pnpm\next@16.1.6_@babel+core@7.29.0_@opentelemetry+api@1.9.0_@playwright+test@1.58.2_react-dom@19._vnwhhfyn6zwcbv2xu2q7iszjyy\node_modules\next\dist\compiled\next-server\app-page-turbo.runtime.prod.js:2:84712)
    at ai (C:\Users\sxtnl\Dev\Genesis\smartout.ai\node_modules\.pnpm\next@16.1.6_@babel+core@7.29.0_@opentelemetry+api@1.9.0_@playwright+test@1.58.2_react-dom@19._vnwhhfyn6zwcbv2xu2q7iszjyy\node_modules\next\dist\compiled\next-server\app-page-turbo.runtime.prod.js:2:86228)
    at ai (C:\Users\sxtnl\Dev\Genesis\smartout.ai\node_modules\.pnpm\next@16.1.6_@babel+core@7.29.0_@opentelemetry+api@1.9.0_@playwright+test@1.58.2_react-dom@19._vnwhhfyn6zwcbv2xu2q7iszjyy\node_modules\next\dist\compiled\next-server\app-page-turbo.runtime.prod.js:2:104708)
Error occurred prerendering page "/onboarding". Read more: https://nextjs.org/docs/messages/prerender-error
Export encountered an error on /onboarding/page: /onboarding, exiting the build.
⨯ Next.js build worker exited with code: 1 and signal: null
 ELIFECYCLE  Command failed with exit code 1.
