-------------
Version mismatch:
Extra packages with wrong versions:
  - zod: installed 3.25.76, required 4.3.6
    See: https://zod.dev

You may experience breakages such as:
- React context and hooks not working
- Type errors and feature incompatibilities
- Failed renders and unclear errors

To resolve:
- Make sure your package.json has all Remotion packages pointing to the same version.
- Remove the `^` character in front of a version to pin a package.
- For zod, install exact version 4.3.6 (run: npx remotion add zod).
- Run `npx remotion versions --log=verbose` to see the path of the modules resolved.
-------------

Bundling 6%
Bundling 13%
Bundling 51%
Bundling 65%
Bundling 71%
Bundling 76%
Bundling 81%
Bundling 87%
Bundling 92%
Bundling 98%
Bundling 100%
Getting composition
[90mComposition          Video4[39m
[90mCodec                h264[39m
[90mOutput               out/Video4DarkMode.mp4[39m
[90mConcurrency          8x[39m
Rendered 0/450
Rendered 1/450, time remaining: 2m 29s
Rendered 2/450, time remaining: 1m 14s

Error: Error while downloading http://localhost:3000/public/audio/ambient-kitchen.mp3: Error: Received a status code of 404 while downloading file http://localhost:3000/public/audio/ambient-kitchen.mp3.
The response body was:
---
{"statusCode":404,"message":"The requested path (C:\\Users\\sxtnl\\AppData\\Local\\Temp\\remotion-webpack-bundle-e0EyeW\\public\\audio\\ambient-kitchen.mp3) could not be found"}
---
    at readFile (C:\Users\sxtnl\Dev\Genesis\smartout.ai\node_modules\.pnpm\@remotion+renderer@4.0.428_react-dom@18.3.1_react@18.3.1__react@18.3.1\node_modules\@remotion\renderer\dist\assets\read-file.js:59:15)
    at process.processTicksAndRejections (node:internal/process/task_queues:105:5)
    at C:\Users\sxtnl\Dev\Genesis\smartout.ai\node_modules\.pnpm\@remotion+renderer@4.0.428_react-dom@18.3.1_react@18.3.1__react@18.3.1\node_modules\@remotion\renderer\dist\render-frame-with-option-to-reject.js:136:21
    at process.processTicksAndRejections (node:internal/process/task_queues:105:5)
