
> web@0.1.0 build C:\Users\sxtnl\Dev\Genesis\smartout.ai\apps\web
> next build

⚠ Warning: Next.js inferred your workspace root, but it may not be correct.
 We detected multiple lockfiles and selected the directory of C:\Users\sxtnl\Dev\Genesis\pnpm-lock.yaml as the root directory.
 To silence this warning, set `turbopack.root` in your Next.js config, or consider removing one of the lockfiles if it's not needed.
   See https://nextjs.org/docs/app/api-reference/config/next-config-js/turbopack#root-directory for more information.
 Detected additional lockfiles: 
   * C:\Users\sxtnl\Dev\Genesis\smartout.ai\apps\web\pnpm-lock.yaml
   * C:\Users\sxtnl\Dev\Genesis\smartout.ai\pnpm-lock.yaml

▲ Next.js 16.1.6 (Turbopack)
- Environments: .env.local

⚠ The "middleware" file convention is deprecated. Please use "proxy" instead. Learn more: https://nextjs.org/docs/messages/middleware-to-proxy
  Creating an optimized production build ...
✓ Compiled successfully in 9.1s
  Running TypeScript ...
  Collecting page data using 15 workers ...
  Generating static pages using 15 workers (0/28) ...
  Generating static pages using 15 workers (7/28) 
  Generating static pages using 15 workers (14/28) 
  Generating static pages using 15 workers (21/28) 
✓ Generating static pages using 15 workers (28/28) in 873.5ms
  Finalizing page optimization ...

Route (app)
┌ ○ /
├ ○ /_not-found
├ ƒ /api/auth/callback
├ ƒ /api/wizard/start
├ ƒ /auth/callback
├ ○ /dashboard
├ ○ /dashboard/ai
├ ○ /dashboard/chat
├ ○ /dashboard/governance
├ ○ /dashboard/help
├ ○ /dashboard/my-cv
├ ○ /dashboard/my-salary
├ ○ /dashboard/my-schedule
├ ○ /dashboard/my-training
├ ○ /dashboard/operations
├ ○ /dashboard/organization
├ ○ /dashboard/people
├ ○ /dashboard/reports
├ ○ /dashboard/schedule
├ ○ /dashboard/season
├ ○ /dashboard/settings
├ ○ /login
├ ○ /onboarding
├ ○ /reset-password
├ ○ /scrape
└ ○ /signup


ƒ Proxy (Middleware)

○  (Static)   prerendered as static content
ƒ  (Dynamic)  server-rendered on demand

