
> landing@0.1.0 lint C:\Users\sxtnl\Dev\Genesis\smartout.ai\apps\landing
> eslint


C:\Users\sxtnl\Dev\Genesis\smartout.ai\apps\landing\src\app\concepts\daily-session\page.tsx
   21:10   warning  'motion' is defined but never used                               @typescript-eslint/no-unused-vars
  135:197  error    `"` can be escaped with `&quot;`, `&ldquo;`, `&#34;`, `&rdquo;`  react/no-unescaped-entities
  135:203  error    `"` can be escaped with `&quot;`, `&ldquo;`, `&#34;`, `&rdquo;`  react/no-unescaped-entities
  275:81   error    Unexpected any. Specify a different type                         @typescript-eslint/no-explicit-any

C:\Users\sxtnl\Dev\Genesis\smartout.ai\apps\landing\src\app\concepts\lokations\page.tsx
  5:8  warning  'Link' is defined but never used  @typescript-eslint/no-unused-vars

C:\Users\sxtnl\Dev\Genesis\smartout.ai\apps\landing\src\app\concepts\procedures\page.tsx
  5:8  warning  'Link' is defined but never used  @typescript-eslint/no-unused-vars

C:\Users\sxtnl\Dev\Genesis\smartout.ai\apps\landing\src\app\concepts\seasons\page.tsx
  5:8  warning  'Link' is defined but never used  @typescript-eslint/no-unused-vars

C:\Users\sxtnl\Dev\Genesis\smartout.ai\apps\landing\src\app\features\punchclock-timetracking\page.tsx
  6:8  warning  'Link' is defined but never used  @typescript-eslint/no-unused-vars

C:\Users\sxtnl\Dev\Genesis\smartout.ai\apps\landing\src\app\features\shiftplanner\page.tsx
    5:21   warning  'CalendarClock' is defined but never used             @typescript-eslint/no-unused-vars
    5:36   warning  'ChevronLeft' is defined but never used               @typescript-eslint/no-unused-vars
    5:49   warning  'ChevronRight' is defined but never used              @typescript-eslint/no-unused-vars
    5:76   warning  'Search' is defined but never used                    @typescript-eslint/no-unused-vars
    5:84   warning  'Filter' is defined but never used                    @typescript-eslint/no-unused-vars
    5:92   warning  'Settings' is defined but never used                  @typescript-eslint/no-unused-vars
    5:102  warning  'FileText' is defined but never used                  @typescript-eslint/no-unused-vars
    5:126  warning  'MoreHorizontal' is defined but never used            @typescript-eslint/no-unused-vars
    6:8    warning  'Link' is defined but never used                      @typescript-eslint/no-unused-vars
   12:12   warning  'scheduleView' is assigned a value but never used     @typescript-eslint/no-unused-vars
   12:26   warning  'setScheduleView' is assigned a value but never used  @typescript-eslint/no-unused-vars
  144:59   error    Unexpected any. Specify a different type              @typescript-eslint/no-explicit-any
  242:65   error    Unexpected any. Specify a different type              @typescript-eslint/no-explicit-any
  293:102  error    Unexpected any. Specify a different type              @typescript-eslint/no-explicit-any
  329:90   error    Unexpected any. Specify a different type              @typescript-eslint/no-explicit-any
  474:66   error    Unexpected any. Specify a different type              @typescript-eslint/no-explicit-any

C:\Users\sxtnl\Dev\Genesis\smartout.ai\apps\landing\src\app\features\staff-training\page.tsx
   6:8   warning  'Link' is defined but never used                         @typescript-eslint/no-unused-vars
  11:12  warning  'currentQuestion' is assigned a value but never used     @typescript-eslint/no-unused-vars
  11:29  warning  'setCurrentQuestion' is assigned a value but never used  @typescript-eslint/no-unused-vars

C:\Users\sxtnl\Dev\Genesis\smartout.ai\apps\landing\src\app\features\task-rutines\page.tsx
  5:35  warning  'ChevronRight' is defined but never used  @typescript-eslint/no-unused-vars
  6:8   warning  'Link' is defined but never used          @typescript-eslint/no-unused-vars

C:\Users\sxtnl\Dev\Genesis\smartout.ai\apps\landing\src\components\voice-assistant.tsx
  108:13  error  Error: Calling setState synchronously within an effect can trigger cascading renders

Effects are intended to synchronize state between React and external systems such as manually updating the DOM, state management libraries, or other platform APIs. In general, the body of an effect should do one or both of the following:
* Update external systems with the latest state from React.
* Subscribe for updates from some external system, calling setState in a callback function when external state changes.

Calling setState synchronously within an effect body causes cascading renders that can hurt performance, and is not recommended. (https://react.dev/learn/you-might-not-need-an-effect).

C:\Users\sxtnl\Dev\Genesis\smartout.ai\apps\landing\src\components\voice-assistant.tsx:108:13
  106 |     useEffect(() => {
  107 |         if (autoStart) {
> 108 |             startSession();
      |             ^^^^^^^^^^^^ Avoid calling setState() directly within an effect
  109 |         }
  110 |         return () => {
  111 |             endSession();  react-hooks/set-state-in-effect

✖ 30 problems (9 errors, 21 warnings)

 ELIFECYCLE  Command failed with exit code 1.
